OpenJDK 64-Bit Server VM (25.252-b09) for linux-amd64 JRE (1.8.0_252-b09), built on Apr 15 2020 12:10:31 by "jenkins" with gcc 4.8.2 20140120 (Red Hat 4.8.2-15)
Memory: 4k page, physical 12272156k(7911700k free), swap 1048572k(1048572k free)
CommandLine flags: -XX:CompressedClassSpaceSize=260046848 -XX:G1ReservePercent=20 -XX:+HeapDumpOnOutOfMemoryError -XX:InitialHeapSize=1073741824 -XX:MaxGCPauseMillis=100 -XX:MaxHeapSize=1073741824 -XX:MaxMetaspaceSize=268435456 -XX:+PrintAdaptiveSizePolicy -XX:+PrintGC -XX:+PrintGCApplicationConcurrentTime -XX:+PrintGCApplicationStoppedTime -XX:+PrintGCCause -XX:+PrintGCDateStamps -XX:+PrintGCDetails -XX:+PrintGCTimeStamps -XX:+PrintHeapAtGC -XX:+PrintTenuringDistribution -XX:+UnlockExperimentalVMOptions -XX:+UseCGroupMemoryLimitForHeap -XX:+UseCompressedClassPointers -XX:+UseCompressedOops -XX:+UseG1GC 
 0.005: [G1Ergonomics (Heap Sizing) expand the heap, requested expansion amount: 1073741824 bytes, attempted expansion amount: 1073741824 bytes]
2021-03-05T20:12:00.795+0000: 0.131: Application time: 0.0952867 seconds
2021-03-05T20:12:00.795+0000: 0.131: Total time for which application threads were stopped: 0.0000621 seconds, Stopping threads took: 0.0000066 seconds
2021-03-05T20:12:00.801+0000: 0.137: Application time: 0.0059724 seconds
2021-03-05T20:12:00.801+0000: 0.137: Total time for which application threads were stopped: 0.0000727 seconds, Stopping threads took: 0.0000071 seconds
2021-03-05T20:12:00.842+0000: 0.178: Application time: 0.0409062 seconds
2021-03-05T20:12:00.842+0000: 0.178: Total time for which application threads were stopped: 0.0000696 seconds, Stopping threads took: 0.0000075 seconds
2021-03-05T20:12:00.958+0000: 0.294: Application time: 0.1162807 seconds
2021-03-05T20:12:00.958+0000: 0.294: Total time for which application threads were stopped: 0.0000976 seconds, Stopping threads took: 0.0000075 seconds
2021-03-05T20:12:01.001+0000: 0.336: Application time: 0.0421887 seconds
{Heap before GC invocations=0 (full 0):
 garbage-first heap   total 1048576K, used 52224K [0x00000000c0000000, 0x00000000c0102000, 0x0000000100000000)
  region size 1024K, 51 young (52224K), 0 survivors (0K)
 Metaspace       used 9912K, capacity 10162K, committed 10240K, reserved 1058816K
  class space    used 1167K, capacity 1251K, committed 1280K, reserved 1048576K
2021-03-05T20:12:01.001+0000: 0.336: [GC pause (G1 Evacuation Pause) (young)
Desired survivor size 3670016 bytes, new threshold 15 (max 15)
 0.336: [G1Ergonomics (CSet Construction) start choosing CSet, _pending_cards: 0, predicted base time: 10.00 ms, remaining time: 90.00 ms, target pause time: 100.00 ms]
 0.336: [G1Ergonomics (CSet Construction) add young regions to CSet, eden: 51 regions, survivors: 0 regions, predicted young region time: 2587.31 ms]
 0.336: [G1Ergonomics (CSet Construction) finish choosing CSet, eden: 51 regions, survivors: 0 regions, old: 0 regions, predicted pause time: 2597.31 ms, target pause time: 100.00 ms]
, 0.0041800 secs]
   [Parallel Time: 2.5 ms, GC Workers: 2]
      [GC Worker Start (ms): Min: 336.5, Avg: 336.5, Max: 336.5, Diff: 0.0]
      [Ext Root Scanning (ms): Min: 0.6, Avg: 0.6, Max: 0.6, Diff: 0.0, Sum: 1.3]
      [Update RS (ms): Min: 0.0, Avg: 0.0, Max: 0.0, Diff: 0.0, Sum: 0.0]
         [Processed Buffers: Min: 0, Avg: 0.0, Max: 0, Diff: 0, Sum: 0]
      [Scan RS (ms): Min: 0.0, Avg: 0.0, Max: 0.0, Diff: 0.0, Sum: 0.0]
      [Code Root Scanning (ms): Min: 0.1, Avg: 0.1, Max: 0.2, Diff: 0.1, Sum: 0.2]
      [Object Copy (ms): Min: 1.6, Avg: 1.7, Max: 1.8, Diff: 0.1, Sum: 3.4]
      [Termination (ms): Min: 0.0, Avg: 0.0, Max: 0.0, Diff: 0.0, Sum: 0.0]
         [Termination Attempts: Min: 1, Avg: 1.0, Max: 1, Diff: 0, Sum: 2]
      [GC Worker Other (ms): Min: 0.0, Avg: 0.0, Max: 0.0, Diff: 0.0, Sum: 0.0]
      [GC Worker Total (ms): Min: 2.5, Avg: 2.5, Max: 2.5, Diff: 0.0, Sum: 4.9]
      [GC Worker End (ms): Min: 338.9, Avg: 338.9, Max: 338.9, Diff: 0.0]
   [Code Root Fixup: 0.0 ms]
   [Code Root Purge: 0.0 ms]
   [Clear CT: 0.0 ms]
   [Other: 1.6 ms]
      [Choose CSet: 0.0 ms]
      [Ref Proc: 1.3 ms]
      [Ref Enq: 0.0 ms]
      [Redirty Cards: 0.1 ms]
      [Humongous Register: 0.0 ms]
      [Humongous Reclaim: 0.0 ms]
      [Free CSet: 0.0 ms]
   [Eden: 52224.0K(52224.0K)->0.0B(46080.0K) Survivors: 0.0B->6144.0K Heap: 52224.0K(1024.0M)->5705.4K(1024.0M)]
Heap after GC invocations=1 (full 0):
 garbage-first heap   total 1048576K, used 5705K [0x00000000c0000000, 0x00000000c0102000, 0x0000000100000000)
  region size 1024K, 6 young (6144K), 6 survivors (6144K)
 Metaspace       used 9912K, capacity 10162K, committed 10240K, reserved 1058816K
  class space    used 1167K, capacity 1251K, committed 1280K, reserved 1048576K
}
 [Times: user=0.00 sys=0.00, real=0.00 secs] 
2021-03-05T20:12:01.006+0000: 0.342: Total time for which application threads were stopped: 0.0055842 seconds, Stopping threads took: 0.0000119 seconds
2021-03-05T20:12:01.152+0000: 0.487: Application time: 0.1455870 seconds
2021-03-05T20:12:01.152+0000: 0.488: Total time for which application threads were stopped: 0.0001306 seconds, Stopping threads took: 0.0000071 seconds
2021-03-05T20:12:01.159+0000: 0.494: Application time: 0.0068793 seconds
2021-03-05T20:12:01.159+0000: 0.495: Total time for which application threads were stopped: 0.0000988 seconds, Stopping threads took: 0.0000068 seconds
2021-03-05T20:12:01.159+0000: 0.495: Application time: 0.0003684 seconds
2021-03-05T20:12:01.159+0000: 0.495: Total time for which application threads were stopped: 0.0000595 seconds, Stopping threads took: 0.0000060 seconds
2021-03-05T20:12:01.166+0000: 0.502: Application time: 0.0070115 seconds
2021-03-05T20:12:01.166+0000: 0.502: Total time for which application threads were stopped: 0.0001096 seconds, Stopping threads took: 0.0000095 seconds
2021-03-05T20:12:01.172+0000: 0.508: Application time: 0.0060268 seconds
2021-03-05T20:12:01.173+0000: 0.508: Total time for which application threads were stopped: 0.0000931 seconds, Stopping threads took: 0.0000070 seconds
2021-03-05T20:12:01.273+0000: 0.608: Application time: 0.0999967 seconds
2021-03-05T20:12:01.273+0000: 0.608: Total time for which application threads were stopped: 0.0001313 seconds, Stopping threads took: 0.0000071 seconds
2021-03-05T20:12:01.320+0000: 0.656: Application time: 0.0477965 seconds
{Heap before GC invocations=1 (full 0):
 garbage-first heap   total 1048576K, used 51785K [0x00000000c0000000, 0x00000000c0102000, 0x0000000100000000)
  region size 1024K, 51 young (52224K), 6 survivors (6144K)
 Metaspace       used 17879K, capacity 18272K, committed 18432K, reserved 1064960K
  class space    used 2171K, capacity 2299K, committed 2304K, reserved 1048576K
2021-03-05T20:12:01.321+0000: 0.656: [GC pause (G1 Evacuation Pause) (young)
Desired survivor size 3670016 bytes, new threshold 15 (max 15)
- age   1:    2122096 bytes,    2122096 total
 0.656: [G1Ergonomics (CSet Construction) start choosing CSet, _pending_cards: 0, predicted base time: 7.40 ms, remaining time: 92.60 ms, target pause time: 100.00 ms]
 0.656: [G1Ergonomics (CSet Construction) add young regions to CSet, eden: 45 regions, survivors: 6 regions, predicted young region time: 754.01 ms]
 0.656: [G1Ergonomics (CSet Construction) finish choosing CSet, eden: 45 regions, survivors: 6 regions, old: 0 regions, predicted pause time: 761.41 ms, target pause time: 100.00 ms]
, 0.0068119 secs]
   [Parallel Time: 4.5 ms, GC Workers: 2]
      [GC Worker Start (ms): Min: 656.3, Avg: 656.3, Max: 656.3, Diff: 0.0]
      [Ext Root Scanning (ms): Min: 0.6, Avg: 0.7, Max: 0.9, Diff: 0.3, Sum: 1.4]
      [Update RS (ms): Min: 0.0, Avg: 0.0, Max: 0.0, Diff: 0.0, Sum: 0.0]
         [Processed Buffers: Min: 0, Avg: 0.0, Max: 0, Diff: 0, Sum: 0]
      [Scan RS (ms): Min: 0.0, Avg: 0.0, Max: 0.0, Diff: 0.0, Sum: 0.0]
      [Code Root Scanning (ms): Min: 0.0, Avg: 0.2, Max: 0.4, Diff: 0.3, Sum: 0.4]
      [Object Copy (ms): Min: 3.2, Avg: 3.5, Max: 3.8, Diff: 0.6, Sum: 7.0]
      [Termination (ms): Min: 0.0, Avg: 0.0, Max: 0.0, Diff: 0.0, Sum: 0.0]
         [Termination Attempts: Min: 1, Avg: 1.0, Max: 1, Diff: 0, Sum: 2]
      [GC Worker Other (ms): Min: 0.0, Avg: 0.0, Max: 0.0, Diff: 0.0, Sum: 0.0]
      [GC Worker Total (ms): Min: 4.4, Avg: 4.4, Max: 4.4, Diff: 0.0, Sum: 8.8]
      [GC Worker End (ms): Min: 660.7, Avg: 660.7, Max: 660.7, Diff: 0.0]
   [Code Root Fixup: 0.0 ms]
   [Code Root Purge: 0.0 ms]
   [Clear CT: 0.1 ms]
   [Other: 2.3 ms]
      [Choose CSet: 0.0 ms]
      [Ref Proc: 2.0 ms]
      [Ref Enq: 0.0 ms]
      [Redirty Cards: 0.1 ms]
      [Humongous Register: 0.0 ms]
      [Humongous Reclaim: 0.0 ms]
      [Free CSet: 0.0 ms]
   [Eden: 46080.0K(46080.0K)->0.0B(45056.0K) Survivors: 6144.0K->7168.0K Heap: 51785.4K(1024.0M)->7983.0K(1024.0M)]
Heap after GC invocations=2 (full 0):
 garbage-first heap   total 1048576K, used 7983K [0x00000000c0000000, 0x00000000c0102000, 0x0000000100000000)
  region size 1024K, 7 young (7168K), 7 survivors (7168K)
 Metaspace       used 17879K, capacity 18272K, committed 18432K, reserved 1064960K
  class space    used 2171K, capacity 2299K, committed 2304K, reserved 1048576K
}
 [Times: user=0.02 sys=0.00, real=0.00 secs] 
2021-03-05T20:12:01.328+0000: 0.664: Total time for which application threads were stopped: 0.0079394 seconds, Stopping threads took: 0.0000246 seconds
2021-03-05T20:12:01.494+0000: 0.830: Application time: 0.1655829 seconds
 0.830: [G1Ergonomics (Concurrent Cycles) request concurrent cycle initiation, reason: requested by GC cause, GC cause: Metadata GC Threshold]
{Heap before GC invocations=2 (full 0):
 garbage-first heap   total 1048576K, used 18223K [0x00000000c0000000, 0x00000000c0102000, 0x0000000100000000)
  region size 1024K, 18 young (18432K), 7 survivors (7168K)
 Metaspace       used 20377K, capacity 20922K, committed 21248K, reserved 1067008K
  class space    used 2480K, capacity 2697K, committed 2816K, reserved 1048576K
 0.830: [G1Ergonomics (Concurrent Cycles) initiate concurrent cycle, reason: concurrent cycle initiation requested]
2021-03-05T20:12:01.494+0000: 0.830: [GC pause (Metadata GC Threshold) (young) (initial-mark)
Desired survivor size 3670016 bytes, new threshold 2 (max 15)
- age   1:    2708752 bytes,    2708752 total
- age   2:    1912560 bytes,    4621312 total
 0.830: [G1Ergonomics (CSet Construction) start choosing CSet, _pending_cards: 256, predicted base time: 8.46 ms, remaining time: 91.54 ms, target pause time: 100.00 ms]
 0.830: [G1Ergonomics (CSet Construction) add young regions to CSet, eden: 11 regions, survivors: 7 regions, predicted young region time: 79.07 ms]
 0.830: [G1Ergonomics (CSet Construction) finish choosing CSet, eden: 11 regions, survivors: 7 regions, old: 0 regions, predicted pause time: 87.53 ms, target pause time: 100.00 ms]
, 0.0059978 secs]
   [Parallel Time: 4.7 ms, GC Workers: 2]
      [GC Worker Start (ms): Min: 829.9, Avg: 829.9, Max: 829.9, Diff: 0.0]
      [Ext Root Scanning (ms): Min: 0.7, Avg: 0.7, Max: 0.8, Diff: 0.1, Sum: 1.5]
      [Update RS (ms): Min: 0.0, Avg: 0.0, Max: 0.1, Diff: 0.1, Sum: 0.1]
         [Processed Buffers: Min: 0, Avg: 0.5, Max: 1, Diff: 1, Sum: 1]
      [Scan RS (ms): Min: 0.0, Avg: 0.0, Max: 0.0, Diff: 0.0, Sum: 0.0]
      [Code Root Scanning (ms): Min: 0.2, Avg: 0.3, Max: 0.3, Diff: 0.0, Sum: 0.5]
      [Object Copy (ms): Min: 3.6, Avg: 3.6, Max: 3.6, Diff: 0.0, Sum: 7.2]
      [Termination (ms): Min: 0.0, Avg: 0.0, Max: 0.0, Diff: 0.0, Sum: 0.0]
         [Termination Attempts: Min: 1, Avg: 1.0, Max: 1, Diff: 0, Sum: 2]
      [GC Worker Other (ms): Min: 0.0, Avg: 0.0, Max: 0.0, Diff: 0.0, Sum: 0.0]
      [GC Worker Total (ms): Min: 4.6, Avg: 4.6, Max: 4.7, Diff: 0.0, Sum: 9.3]
      [GC Worker End (ms): Min: 834.5, Avg: 834.5, Max: 834.5, Diff: 0.0]
   [Code Root Fixup: 0.0 ms]
   [Code Root Purge: 0.0 ms]
   [Clear CT: 0.2 ms]
   [Other: 1.1 ms]
      [Choose CSet: 0.0 ms]
      [Ref Proc: 0.8 ms]
      [Ref Enq: 0.0 ms]
      [Redirty Cards: 0.1 ms]
      [Humongous Register: 0.0 ms]
      [Humongous Reclaim: 0.0 ms]
      [Free CSet: 0.0 ms]
   [Eden: 11264.0K(45056.0K)->0.0B(46080.0K) Survivors: 7168.0K->6144.0K Heap: 19084.9K(1024.0M)->8455.5K(1024.0M)]
Heap after GC invocations=3 (full 0):
 garbage-first heap   total 1048576K, used 8455K [0x00000000c0000000, 0x00000000c0102000, 0x0000000100000000)
  region size 1024K, 6 young (6144K), 6 survivors (6144K)
 Metaspace       used 20377K, capacity 20922K, committed 21248K, reserved 1067008K
  class space    used 2480K, capacity 2697K, committed 2816K, reserved 1048576K
}
 [Times: user=0.01 sys=0.00, real=0.01 secs] 
2021-03-05T20:12:01.501+0000: 0.837: [GC concurrent-root-region-scan-start]
2021-03-05T20:12:01.501+0000: 0.837: Total time for which application threads were stopped: 0.0070697 seconds, Stopping threads took: 0.0000077 seconds
2021-03-05T20:12:01.504+0000: 0.840: [GC concurrent-root-region-scan-end, 0.0028902 secs]
2021-03-05T20:12:01.504+0000: 0.840: [GC concurrent-mark-start]
2021-03-05T20:12:01.507+0000: 0.843: [GC concurrent-mark-end, 0.0032514 secs]
2021-03-05T20:12:01.507+0000: 0.843: Application time: 0.0060851 seconds
2021-03-05T20:12:01.507+0000: 0.843: [GC remark 2021-03-05T20:12:01.508+0000: 0.843: [Finalize Marking, 0.0003890 secs] 2021-03-05T20:12:01.508+0000: 0.844: [GC ref-proc, 0.0005459 secs] 2021-03-05T20:12:01.509+0000: 0.845: [Unloading, 0.0026751 secs], 0.0052314 secs]
 [Times: user=0.00 sys=0.01, real=0.01 secs] 
2021-03-05T20:12:01.513+0000: 0.849: Total time for which application threads were stopped: 0.0059207 seconds, Stopping threads took: 0.0000540 seconds
2021-03-05T20:12:01.513+0000: 0.849: Application time: 0.0000723 seconds
2021-03-05T20:12:01.513+0000: 0.849: [GC cleanup 8741K->8741K(1024M), 0.0010935 secs]
 [Times: user=0.00 sys=0.00, real=0.00 secs] 
2021-03-05T20:12:01.515+0000: 0.850: Total time for which application threads were stopped: 0.0016401 seconds, Stopping threads took: 0.0000616 seconds
2021-03-05T20:12:01.561+0000: 0.897: Application time: 0.0464862 seconds
{Heap before GC invocations=4 (full 0):
 garbage-first heap   total 1048576K, used 12551K [0x00000000c0000000, 0x00000000c0102000, 0x0000000100000000)
  region size 1024K, 11 young (11264K), 6 survivors (6144K)
 Metaspace       used 21058K, capacity 21684K, committed 22144K, reserved 1069056K
  class space    used 2621K, capacity 2878K, committed 2944K, reserved 1048576K
2021-03-05T20:12:01.561+0000: 0.897: [Full GC (System.gc())  13126K->5640K(1024M), 0.0197314 secs]
   [Eden: 5120.0K(46080.0K)->0.0B(53248.0K) Survivors: 6144.0K->0.0B Heap: 13126.2K(1024.0M)->5640.6K(1024.0M)], [Metaspace: 21058K->21058K(1069056K)]
Heap after GC invocations=5 (full 1):
 garbage-first heap   total 1048576K, used 5640K [0x00000000c0000000, 0x00000000c0102000, 0x0000000100000000)
  region size 1024K, 0 young (0K), 0 survivors (0K)
 Metaspace       used 21058K, capacity 21684K, committed 22144K, reserved 1069056K
  class space    used 2621K, capacity 2878K, committed 2944K, reserved 1048576K
}
 [Times: user=0.04 sys=0.00, real=0.02 secs] 
2021-03-05T20:12:01.582+0000: 0.917: Total time for which application threads were stopped: 0.0204630 seconds, Stopping threads took: 0.0000265 seconds
2021-03-05T20:12:01.591+0000: 0.927: Application time: 0.0093973 seconds
2021-03-05T20:12:01.595+0000: 0.931: Total time for which application threads were stopped: 0.0041487 seconds, Stopping threads took: 0.0039725 seconds
2021-03-05T20:12:01.625+0000: 0.961: Application time: 0.0302162 seconds
2021-03-05T20:12:01.626+0000: 0.961: Total time for which application threads were stopped: 0.0002123 seconds, Stopping threads took: 0.0000319 seconds
2021-03-05T20:12:02.626+0000: 1.962: Application time: 1.0004281 seconds
2021-03-05T20:12:02.626+0000: 1.962: Total time for which application threads were stopped: 0.0000513 seconds, Stopping threads took: 0.0000171 seconds
2021-03-05T20:12:03.626+0000: 2.962: Application time: 1.0001467 seconds
2021-03-05T20:12:03.626+0000: 2.962: Total time for which application threads were stopped: 0.0000388 seconds, Stopping threads took: 0.0000135 seconds
2021-03-05T20:12:04.627+0000: 3.962: Application time: 1.0003941 seconds
2021-03-05T20:12:04.627+0000: 3.963: Total time for which application threads were stopped: 0.0000336 seconds, Stopping threads took: 0.0000136 seconds
2021-03-05T20:12:04.711+0000: 4.047: Application time: 0.0846581 seconds
2021-03-05T20:12:04.712+0000: 4.047: Total time for which application threads were stopped: 0.0001783 seconds, Stopping threads took: 0.0000140 seconds
2021-03-05T20:12:05.712+0000: 5.048: Application time: 1.0001602 seconds
2021-03-05T20:12:05.712+0000: 5.048: Total time for which application threads were stopped: 0.0000373 seconds, Stopping threads took: 0.0000145 seconds
2021-03-05T20:12:06.366+0000: 5.701: Application time: 0.6531201 seconds
2021-03-05T20:12:06.366+0000: 5.701: Total time for which application threads were stopped: 0.0002163 seconds, Stopping threads took: 0.0000236 seconds
2021-03-05T20:12:06.371+0000: 5.706: Application time: 0.0051978 seconds
2021-03-05T20:12:06.371+0000: 5.706: Total time for which application threads were stopped: 0.0001733 seconds, Stopping threads took: 0.0000213 seconds
2021-03-05T20:12:06.397+0000: 5.732: Application time: 0.0254388 seconds
2021-03-05T20:12:06.397+0000: 5.732: Total time for which application threads were stopped: 0.0002079 seconds, Stopping threads took: 0.0000315 seconds
Heap
 garbage-first heap   total 1048576K, used 56840K [0x00000000c0000000, 0x00000000c0102000, 0x0000000100000000)
  region size 1024K, 51 young (52224K), 0 survivors (0K)
 Metaspace       used 26227K, capacity 26894K, committed 27392K, reserved 1073152K
  class space    used 3228K, capacity 3501K, committed 3584K, reserved 1048576K
2021-03-05T20:12:06.515+0000: 5.850: Application time: 0.1183641 seconds
